Analysis & Synthesis report for Calculadora
Thu Apr 16 19:32:26 2020
Quartus Prime Version 18.1.0 Build 625 09/12/2018 SJ Lite Edition


---------------------
; Table of Contents ;
---------------------
  1. Legal Notice
  2. Analysis & Synthesis Summary
  3. Analysis & Synthesis Settings
  4. Parallel Compilation
  5. Analysis & Synthesis Source Files Read
  6. Analysis & Synthesis Resource Usage Summary
  7. Analysis & Synthesis Resource Utilization by Entity
  8. General Register Statistics
  9. Multiplexer Restructuring Statistics (Restructuring Performed)
 10. Parameter Settings for User Entity Instance: Top-level Entity: |calculadora
 11. Parameter Settings for User Entity Instance: processador:Processador
 12. Parameter Settings for User Entity Instance: processador:Processador|UC:UC
 13. Parameter Settings for User Entity Instance: processador:Processador|fluxo_de_dados:FD
 14. Parameter Settings for User Entity Instance: processador:Processador|fluxo_de_dados:FD|registradorGenerico:PC
 15. Parameter Settings for User Entity Instance: processador:Processador|fluxo_de_dados:FD|somaConstante:SomadorConstante
 16. Parameter Settings for User Entity Instance: processador:Processador|fluxo_de_dados:FD|muxGenerico2x1:Mux1
 17. Parameter Settings for User Entity Instance: processador:Processador|fluxo_de_dados:FD|extendeSinalGenerico:Extensor
 18. Parameter Settings for User Entity Instance: processador:Processador|fluxo_de_dados:FD|muxGenerico2x1:Mux4
 19. Parameter Settings for User Entity Instance: processador:Processador|fluxo_de_dados:FD|memoriaROM:ROM
 20. Parameter Settings for User Entity Instance: processador:Processador|fluxo_de_dados:FD|bancoRegistradores:Banco_Regs
 21. Parameter Settings for User Entity Instance: processador:Processador|fluxo_de_dados:FD|muxGenerico2x1:Mux5
 22. Parameter Settings for User Entity Instance: processador:Processador|fluxo_de_dados:FD|muxGenerico2x1:Mux2
 23. Parameter Settings for User Entity Instance: processador:Processador|fluxo_de_dados:FD|ULA:ULA
 24. Parameter Settings for User Entity Instance: processador:Processador|fluxo_de_dados:FD|muxGenerico2x1:Mux3
 25. Parameter Settings for User Entity Instance: memoriaRAM:RAM
 26. Parameter Settings for User Entity Instance: decodificador:decodificador
 27. Parameter Settings for User Entity Instance: interfaceLEDs:saidaLED_Vermelhos
 28. Parameter Settings for User Entity Instance: interfaceCHAVES:entradaChaves_0_7
 29. Parameter Settings for User Entity Instance: interfaceCHAVES:entradaChaves_8_15
 30. Parameter Settings for User Entity Instance: interfaceCHAVES:entradaChaves_16_17
 31. Parameter Settings for User Entity Instance: button:Botao
 32. Parameter Settings for User Entity Instance: doubleHex7:DISPLAY0_1
 33. Parameter Settings for User Entity Instance: doubleHex7:DISPLAY0_1|registradorGenerico:REG
 34. Parameter Settings for User Entity Instance: doubleHex7:DISPLAY2_3
 35. Parameter Settings for User Entity Instance: doubleHex7:DISPLAY2_3|registradorGenerico:REG
 36. Parameter Settings for User Entity Instance: doubleHex7:DISPLAY4_5
 37. Parameter Settings for User Entity Instance: doubleHex7:DISPLAY4_5|registradorGenerico:REG
 38. Parameter Settings for User Entity Instance: doubleHex7:DISPLAY6_7
 39. Parameter Settings for User Entity Instance: doubleHex7:DISPLAY6_7|registradorGenerico:REG
 40. Port Connectivity Checks: "conversorHex7Seg:DISPLAY7"
 41. Port Connectivity Checks: "conversorHex7Seg:DISPLAY6"
 42. Port Connectivity Checks: "conversorHex7Seg:DISPLAY5"
 43. Port Connectivity Checks: "conversorHex7Seg:DISPLAY4"
 44. Port Connectivity Checks: "conversorHex7Seg:DISPLAY3"
 45. Port Connectivity Checks: "conversorHex7Seg:DISPLAY2"
 46. Port Connectivity Checks: "conversorHex7Seg:DISPLAY1"
 47. Port Connectivity Checks: "conversorHex7Seg:DISPLAY0"
 48. Port Connectivity Checks: "doubleHex7:DISPLAY0_1|registradorGenerico:REG"
 49. Port Connectivity Checks: "button:Botao"
 50. Port Connectivity Checks: "interfaceCHAVES:entradaChaves_16_17"
 51. Port Connectivity Checks: "decodificador:decodificador"
 52. Port Connectivity Checks: "processador:Processador|fluxo_de_dados:FD|registradorGenerico:PC"
 53. Post-Synthesis Netlist Statistics for Top Partition
 54. Elapsed Time Per Partition
 55. Analysis & Synthesis Messages



----------------
; Legal Notice ;
----------------
Copyright (C) 2018  Intel Corporation. All rights reserved.
Your use of Intel Corporation's design tools, logic functions 
and other software and tools, and its AMPP partner logic 
functions, and any output files from any of the foregoing 
(including device programming or simulation files), and any 
associated documentation or information are expressly subject 
to the terms and conditions of the Intel Program License 
Subscription Agreement, the Intel Quartus Prime License Agreement,
the Intel FPGA IP License Agreement, or other applicable license
agreement, including, without limitation, that your use is for
the sole purpose of programming logic devices manufactured by
Intel and sold by Intel or its authorized distributors.  Please
refer to the applicable agreement for further details.



+----------------------------------------------------------------------------------+
; Analysis & Synthesis Summary                                                     ;
+------------------------------------+---------------------------------------------+
; Analysis & Synthesis Status        ; Successful - Thu Apr 16 19:32:26 2020       ;
; Quartus Prime Version              ; 18.1.0 Build 625 09/12/2018 SJ Lite Edition ;
; Revision Name                      ; Calculadora                                 ;
; Top-level Entity Name              ; calculadora                                 ;
; Family                             ; Cyclone IV E                                ;
; Total logic elements               ; 2,218                                       ;
;     Total combinational functions  ; 1,106                                       ;
;     Dedicated logic registers      ; 1,142                                       ;
; Total registers                    ; 1142                                        ;
; Total pins                         ; 208                                         ;
; Total virtual pins                 ; 0                                           ;
; Total memory bits                  ; 0                                           ;
; Embedded Multiplier 9-bit elements ; 0                                           ;
; Total PLLs                         ; 0                                           ;
+------------------------------------+---------------------------------------------+


+------------------------------------------------------------------------------------------------------------+
; Analysis & Synthesis Settings                                                                              ;
+------------------------------------------------------------------+--------------------+--------------------+
; Option                                                           ; Setting            ; Default Value      ;
+------------------------------------------------------------------+--------------------+--------------------+
; Device                                                           ; EP4CE115F29C7      ;                    ;
; Top-level entity name                                            ; calculadora        ; Calculadora        ;
; Family name                                                      ; Cyclone IV E       ; Cyclone V          ;
; Maximum processors allowed for parallel compilation              ; All                ;                    ;
; VHDL Show LMF Mapping Messages                                   ; Off                ;                    ;
; VHDL Version                                                     ; VHDL_2008          ; VHDL_1993          ;
; Use smart compilation                                            ; Off                ; Off                ;
; Enable parallel Assembler and Timing Analyzer during compilation ; On                 ; On                 ;
; Enable compact report table                                      ; Off                ; Off                ;
; Restructure Multiplexers                                         ; Auto               ; Auto               ;
; Create Debugging Nodes for IP Cores                              ; Off                ; Off                ;
; Preserve fewer node names                                        ; On                 ; On                 ;
; Intel FPGA IP Evaluation Mode                                    ; Enable             ; Enable             ;
; Verilog Version                                                  ; Verilog_2001       ; Verilog_2001       ;
; State Machine Processing                                         ; Auto               ; Auto               ;
; Safe State Machine                                               ; Off                ; Off                ;
; Extract Verilog State Machines                                   ; On                 ; On                 ;
; Extract VHDL State Machines                                      ; On                 ; On                 ;
; Ignore Verilog initial constructs                                ; Off                ; Off                ;
; Iteration limit for constant Verilog loops                       ; 5000               ; 5000               ;
; Iteration limit for non-constant Verilog loops                   ; 250                ; 250                ;
; Add Pass-Through Logic to Inferred RAMs                          ; On                 ; On                 ;
; Infer RAMs from Raw Logic                                        ; On                 ; On                 ;
; Parallel Synthesis                                               ; On                 ; On                 ;
; DSP Block Balancing                                              ; Auto               ; Auto               ;
; NOT Gate Push-Back                                               ; On                 ; On                 ;
; Power-Up Don't Care                                              ; On                 ; On                 ;
; Remove Redundant Logic Cells                                     ; Off                ; Off                ;
; Remove Duplicate Registers                                       ; On                 ; On                 ;
; Ignore CARRY Buffers                                             ; Off                ; Off                ;
; Ignore CASCADE Buffers                                           ; Off                ; Off                ;
; Ignore GLOBAL Buffers                                            ; Off                ; Off                ;
; Ignore ROW GLOBAL Buffers                                        ; Off                ; Off                ;
; Ignore LCELL Buffers                                             ; Off                ; Off                ;
; Ignore SOFT Buffers                                              ; On                 ; On                 ;
; Limit AHDL Integers to 32 Bits                                   ; Off                ; Off                ;
; Optimization Technique                                           ; Balanced           ; Balanced           ;
; Carry Chain Length                                               ; 70                 ; 70                 ;
; Auto Carry Chains                                                ; On                 ; On                 ;
; Auto Open-Drain Pins                                             ; On                 ; On                 ;
; Perform WYSIWYG Primitive Resynthesis                            ; Off                ; Off                ;
; Auto ROM Replacement                                             ; On                 ; On                 ;
; Auto RAM Replacement                                             ; On                 ; On                 ;
; Auto DSP Block Replacement                                       ; On                 ; On                 ;
; Auto Shift Register Replacement                                  ; Auto               ; Auto               ;
; Allow Shift Register Merging across Hierarchies                  ; Auto               ; Auto               ;
; Auto Clock Enable Replacement                                    ; On                 ; On                 ;
; Strict RAM Replacement                                           ; Off                ; Off                ;
; Allow Synchronous Control Signals                                ; On                 ; On                 ;
; Force Use of Synchronous Clear Signals                           ; Off                ; Off                ;
; Auto RAM Block Balancing                                         ; On                 ; On                 ;
; Auto RAM to Logic Cell Conversion                                ; Off                ; Off                ;
; Auto Resource Sharing                                            ; Off                ; Off                ;
; Allow Any RAM Size For Recognition                               ; Off                ; Off                ;
; Allow Any ROM Size For Recognition                               ; Off                ; Off                ;
; Allow Any Shift Register Size For Recognition                    ; Off                ; Off                ;
; Use LogicLock Constraints during Resource Balancing              ; On                 ; On                 ;
; Ignore translate_off and synthesis_off directives                ; Off                ; Off                ;
; Timing-Driven Synthesis                                          ; On                 ; On                 ;
; Report Parameter Settings                                        ; On                 ; On                 ;
; Report Source Assignments                                        ; On                 ; On                 ;
; Report Connectivity Checks                                       ; On                 ; On                 ;
; Ignore Maximum Fan-Out Assignments                               ; Off                ; Off                ;
; Synchronization Register Chain Length                            ; 2                  ; 2                  ;
; Power Optimization During Synthesis                              ; Normal compilation ; Normal compilation ;
; HDL message level                                                ; Level2             ; Level2             ;
; Suppress Register Optimization Related Messages                  ; Off                ; Off                ;
; Number of Removed Registers Reported in Synthesis Report         ; 5000               ; 5000               ;
; Number of Swept Nodes Reported in Synthesis Report               ; 5000               ; 5000               ;
; Number of Inverted Registers Reported in Synthesis Report        ; 100                ; 100                ;
; Clock MUX Protection                                             ; On                 ; On                 ;
; Auto Gated Clock Conversion                                      ; Off                ; Off                ;
; Block Design Naming                                              ; Auto               ; Auto               ;
; SDC constraint protection                                        ; Off                ; Off                ;
; Synthesis Effort                                                 ; Auto               ; Auto               ;
; Shift Register Replacement - Allow Asynchronous Clear Signal     ; On                 ; On                 ;
; Pre-Mapping Resynthesis Optimization                             ; Off                ; Off                ;
; Analysis & Synthesis Message Level                               ; Medium             ; Medium             ;
; Disable Register Merging Across Hierarchies                      ; Auto               ; Auto               ;
; Resource Aware Inference For Block RAM                           ; On                 ; On                 ;
+------------------------------------------------------------------+--------------------+--------------------+


+------------------------------------------+
; Parallel Compilation                     ;
+----------------------------+-------------+
; Processors                 ; Number      ;
+----------------------------+-------------+
; Number detected on machine ; 12          ;
; Maximum allowed            ; 6           ;
;                            ;             ;
; Average used               ; 1.00        ;
; Maximum used               ; 6           ;
;                            ;             ;
; Usage by Processor         ; % Time Used ;
;     Processor 1            ; 100.0%      ;
;     Processor 2            ;   0.1%      ;
;     Processor 3            ;   0.0%      ;
;     Processor 4            ;   0.0%      ;
;     Processor 5            ;   0.0%      ;
;     Processor 6            ;   0.0%      ;
+----------------------------+-------------+


+-----------------------------------------------------------------------------------------------------------------------------------------------------------------------------------+
; Analysis & Synthesis Source Files Read                                                                                                                                            ;
+----------------------------------+-----------------+-----------------+--------------------------------------------------------------------------------------------------+---------+
; File Name with User-Entered Path ; Used in Netlist ; File Type       ; File Name with Absolute Path                                                                     ; Library ;
+----------------------------------+-----------------+-----------------+--------------------------------------------------------------------------------------------------+---------+
; muxGenerico2x1.vhd               ; yes             ; User VHDL File  ; /home/alessandrab/Dropbox/Leca/Insper/7oSem/DesComp/calculator/Projeto1/muxGenerico2x1.vhd       ;         ;
; registradorGenerico.vhd          ; yes             ; User VHDL File  ; /home/alessandrab/Dropbox/Leca/Insper/7oSem/DesComp/calculator/Projeto1/registradorGenerico.vhd  ;         ;
; somaConstante.vhdl               ; yes             ; User VHDL File  ; /home/alessandrab/Dropbox/Leca/Insper/7oSem/DesComp/calculator/Projeto1/somaConstante.vhdl       ;         ;
; UC.vhd                           ; yes             ; User VHDL File  ; /home/alessandrab/Dropbox/Leca/Insper/7oSem/DesComp/calculator/Projeto1/UC.vhd                   ;         ;
; memoriaROM.vhd                   ; yes             ; User VHDL File  ; /home/alessandrab/Dropbox/Leca/Insper/7oSem/DesComp/calculator/Projeto1/memoriaROM.vhd           ;         ;
; memoriaRAM.vhd                   ; yes             ; User VHDL File  ; /home/alessandrab/Dropbox/Leca/Insper/7oSem/DesComp/calculator/Projeto1/memoriaRAM.vhd           ;         ;
; interfaceLEDs.vhd                ; yes             ; User VHDL File  ; /home/alessandrab/Dropbox/Leca/Insper/7oSem/DesComp/calculator/Projeto1/interfaceLEDs.vhd        ;         ;
; interfaceCHAVES.vhd              ; yes             ; User VHDL File  ; /home/alessandrab/Dropbox/Leca/Insper/7oSem/DesComp/calculator/Projeto1/interfaceCHAVES.vhd      ;         ;
; decodificador.vhd                ; yes             ; User VHDL File  ; /home/alessandrab/Dropbox/Leca/Insper/7oSem/DesComp/calculator/Projeto1/decodificador.vhd        ;         ;
; calculadora.vhd                  ; yes             ; User VHDL File  ; /home/alessandrab/Dropbox/Leca/Insper/7oSem/DesComp/calculator/Projeto1/calculadora.vhd          ;         ;
; bancoRegistradores.vhd           ; yes             ; User VHDL File  ; /home/alessandrab/Dropbox/Leca/Insper/7oSem/DesComp/calculator/Projeto1/bancoRegistradores.vhd   ;         ;
; ULA.vhd                          ; yes             ; User VHDL File  ; /home/alessandrab/Dropbox/Leca/Insper/7oSem/DesComp/calculator/Projeto1/ULA.vhd                  ;         ;
; fluxo_de_dados.vhd               ; yes             ; User VHDL File  ; /home/alessandrab/Dropbox/Leca/Insper/7oSem/DesComp/calculator/Projeto1/fluxo_de_dados.vhd       ;         ;
; extendeSinalGenerico.vhd         ; yes             ; User VHDL File  ; /home/alessandrab/Dropbox/Leca/Insper/7oSem/DesComp/calculator/Projeto1/extendeSinalGenerico.vhd ;         ;
; processador.vhd                  ; yes             ; User VHDL File  ; /home/alessandrab/Dropbox/Leca/Insper/7oSem/DesComp/calculator/Projeto1/processador.vhd          ;         ;
; conversorHex7Seg.vhd             ; yes             ; User VHDL File  ; /home/alessandrab/Dropbox/Leca/Insper/7oSem/DesComp/calculator/Projeto1/conversorHex7Seg.vhd     ;         ;
; doubleHex7.vhd                   ; yes             ; User VHDL File  ; /home/alessandrab/Dropbox/Leca/Insper/7oSem/DesComp/calculator/Projeto1/doubleHex7.vhd           ;         ;
; button.vhd                       ; yes             ; User VHDL File  ; /home/alessandrab/Dropbox/Leca/Insper/7oSem/DesComp/calculator/Projeto1/button.vhd               ;         ;
+----------------------------------+-----------------+-----------------+--------------------------------------------------------------------------------------------------+---------+


+--------------------------------------------------------------+
; Analysis & Synthesis Resource Usage Summary                  ;
+---------------------------------------------+----------------+
; Resource                                    ; Usage          ;
+---------------------------------------------+----------------+
; Estimated Total logic elements              ; 2,218          ;
;                                             ;                ;
; Total combinational functions               ; 1106           ;
; Logic element usage by number of LUT inputs ;                ;
;     -- 4 input functions                    ; 951            ;
;     -- 3 input functions                    ; 89             ;
;     -- <=2 input functions                  ; 66             ;
;                                             ;                ;
; Logic elements by mode                      ;                ;
;     -- normal mode                          ; 1085           ;
;     -- arithmetic mode                      ; 21             ;
;                                             ;                ;
; Total registers                             ; 1142           ;
;     -- Dedicated logic registers            ; 1142           ;
;     -- I/O registers                        ; 0              ;
;                                             ;                ;
; I/O pins                                    ; 208            ;
;                                             ;                ;
; Embedded Multiplier 9-bit elements          ; 0              ;
;                                             ;                ;
; Maximum fan-out node                        ; CLOCK_50~input ;
; Maximum fan-out                             ; 1142           ;
; Total fan-out                               ; 8008           ;
; Average fan-out                             ; 3.01           ;
+---------------------------------------------+----------------+


+---------------------------------------------------------------------------------------------------------------------------------------------------------------------------------------------------------------------------------------------------------------------------------------------------+
; Analysis & Synthesis Resource Utilization by Entity                                                                                                                                                                                                                                               ;
+-------------------------------------------+---------------------+---------------------------+-------------+--------------+---------+-----------+------+--------------+---------------------------------------------------------------------------------------+---------------------+--------------+
; Compilation Hierarchy Node                ; Combinational ALUTs ; Dedicated Logic Registers ; Memory Bits ; DSP Elements ; DSP 9x9 ; DSP 18x18 ; Pins ; Virtual Pins ; Full Hierarchy Name                                                                   ; Entity Name         ; Library Name ;
+-------------------------------------------+---------------------+---------------------------+-------------+--------------+---------+-----------+------+--------------+---------------------------------------------------------------------------------------+---------------------+--------------+
; |calculadora                              ; 1106 (0)            ; 1142 (0)                  ; 0           ; 0            ; 0       ; 0         ; 208  ; 0            ; |calculadora                                                                          ; calculadora         ; work         ;
;    |conversorHex7Seg:DISPLAY0|            ; 7 (7)               ; 0 (0)                     ; 0           ; 0            ; 0       ; 0         ; 0    ; 0            ; |calculadora|conversorHex7Seg:DISPLAY0                                                ; conversorHex7Seg    ; work         ;
;    |conversorHex7Seg:DISPLAY1|            ; 7 (7)               ; 0 (0)                     ; 0           ; 0            ; 0       ; 0         ; 0    ; 0            ; |calculadora|conversorHex7Seg:DISPLAY1                                                ; conversorHex7Seg    ; work         ;
;    |conversorHex7Seg:DISPLAY2|            ; 7 (7)               ; 0 (0)                     ; 0           ; 0            ; 0       ; 0         ; 0    ; 0            ; |calculadora|conversorHex7Seg:DISPLAY2                                                ; conversorHex7Seg    ; work         ;
;    |conversorHex7Seg:DISPLAY3|            ; 7 (7)               ; 0 (0)                     ; 0           ; 0            ; 0       ; 0         ; 0    ; 0            ; |calculadora|conversorHex7Seg:DISPLAY3                                                ; conversorHex7Seg    ; work         ;
;    |conversorHex7Seg:DISPLAY4|            ; 7 (7)               ; 0 (0)                     ; 0           ; 0            ; 0       ; 0         ; 0    ; 0            ; |calculadora|conversorHex7Seg:DISPLAY4                                                ; conversorHex7Seg    ; work         ;
;    |conversorHex7Seg:DISPLAY5|            ; 7 (7)               ; 0 (0)                     ; 0           ; 0            ; 0       ; 0         ; 0    ; 0            ; |calculadora|conversorHex7Seg:DISPLAY5                                                ; conversorHex7Seg    ; work         ;
;    |conversorHex7Seg:DISPLAY6|            ; 7 (7)               ; 0 (0)                     ; 0           ; 0            ; 0       ; 0         ; 0    ; 0            ; |calculadora|conversorHex7Seg:DISPLAY6                                                ; conversorHex7Seg    ; work         ;
;    |conversorHex7Seg:DISPLAY7|            ; 7 (7)               ; 0 (0)                     ; 0           ; 0            ; 0       ; 0         ; 0    ; 0            ; |calculadora|conversorHex7Seg:DISPLAY7                                                ; conversorHex7Seg    ; work         ;
;    |decodificador:decodificador|          ; 8 (8)               ; 0 (0)                     ; 0           ; 0            ; 0       ; 0         ; 0    ; 0            ; |calculadora|decodificador:decodificador                                              ; decodificador       ; work         ;
;    |doubleHex7:DISPLAY0_1|                ; 0 (0)               ; 8 (0)                     ; 0           ; 0            ; 0       ; 0         ; 0    ; 0            ; |calculadora|doubleHex7:DISPLAY0_1                                                    ; doubleHex7          ; work         ;
;       |registradorGenerico:REG|           ; 0 (0)               ; 8 (8)                     ; 0           ; 0            ; 0       ; 0         ; 0    ; 0            ; |calculadora|doubleHex7:DISPLAY0_1|registradorGenerico:REG                            ; registradorGenerico ; work         ;
;    |doubleHex7:DISPLAY2_3|                ; 0 (0)               ; 8 (0)                     ; 0           ; 0            ; 0       ; 0         ; 0    ; 0            ; |calculadora|doubleHex7:DISPLAY2_3                                                    ; doubleHex7          ; work         ;
;       |registradorGenerico:REG|           ; 0 (0)               ; 8 (8)                     ; 0           ; 0            ; 0       ; 0         ; 0    ; 0            ; |calculadora|doubleHex7:DISPLAY2_3|registradorGenerico:REG                            ; registradorGenerico ; work         ;
;    |doubleHex7:DISPLAY4_5|                ; 0 (0)               ; 8 (0)                     ; 0           ; 0            ; 0       ; 0         ; 0    ; 0            ; |calculadora|doubleHex7:DISPLAY4_5                                                    ; doubleHex7          ; work         ;
;       |registradorGenerico:REG|           ; 0 (0)               ; 8 (8)                     ; 0           ; 0            ; 0       ; 0         ; 0    ; 0            ; |calculadora|doubleHex7:DISPLAY4_5|registradorGenerico:REG                            ; registradorGenerico ; work         ;
;    |doubleHex7:DISPLAY6_7|                ; 0 (0)               ; 8 (0)                     ; 0           ; 0            ; 0       ; 0         ; 0    ; 0            ; |calculadora|doubleHex7:DISPLAY6_7                                                    ; doubleHex7          ; work         ;
;       |registradorGenerico:REG|           ; 0 (0)               ; 8 (8)                     ; 0           ; 0            ; 0       ; 0         ; 0    ; 0            ; |calculadora|doubleHex7:DISPLAY6_7|registradorGenerico:REG                            ; registradorGenerico ; work         ;
;    |interfaceLEDs:saidaLED_Vermelhos|     ; 0 (0)               ; 8 (8)                     ; 0           ; 0            ; 0       ; 0         ; 0    ; 0            ; |calculadora|interfaceLEDs:saidaLED_Vermelhos                                         ; interfaceLEDs       ; work         ;
;    |memoriaRAM:RAM|                       ; 832 (832)           ; 1024 (1024)               ; 0           ; 0            ; 0       ; 0         ; 0    ; 0            ; |calculadora|memoriaRAM:RAM                                                           ; memoriaRAM          ; work         ;
;    |processador:Processador|              ; 210 (0)             ; 78 (0)                    ; 0           ; 0            ; 0       ; 0         ; 0    ; 0            ; |calculadora|processador:Processador                                                  ; processador         ; work         ;
;       |UC:UC|                             ; 14 (14)             ; 0 (0)                     ; 0           ; 0            ; 0       ; 0         ; 0    ; 0            ; |calculadora|processador:Processador|UC:UC                                            ; UC                  ; work         ;
;       |fluxo_de_dados:FD|                 ; 196 (0)             ; 78 (0)                    ; 0           ; 0            ; 0       ; 0         ; 0    ; 0            ; |calculadora|processador:Processador|fluxo_de_dados:FD                                ; fluxo_de_dados      ; work         ;
;          |ULA:ULA|                        ; 42 (42)             ; 0 (0)                     ; 0           ; 0            ; 0       ; 0         ; 0    ; 0            ; |calculadora|processador:Processador|fluxo_de_dados:FD|ULA:ULA                        ; ULA                 ; work         ;
;          |bancoRegistradores:Banco_Regs|  ; 65 (65)             ; 64 (64)                   ; 0           ; 0            ; 0       ; 0         ; 0    ; 0            ; |calculadora|processador:Processador|fluxo_de_dados:FD|bancoRegistradores:Banco_Regs  ; bancoRegistradores  ; work         ;
;          |memoriaROM:ROM|                 ; 24 (24)             ; 0 (0)                     ; 0           ; 0            ; 0       ; 0         ; 0    ; 0            ; |calculadora|processador:Processador|fluxo_de_dados:FD|memoriaROM:ROM                 ; memoriaROM          ; work         ;
;          |muxGenerico2x1:Mux2|            ; 9 (9)               ; 0 (0)                     ; 0           ; 0            ; 0       ; 0         ; 0    ; 0            ; |calculadora|processador:Processador|fluxo_de_dados:FD|muxGenerico2x1:Mux2            ; muxGenerico2x1      ; work         ;
;          |muxGenerico2x1:Mux3|            ; 23 (23)             ; 0 (0)                     ; 0           ; 0            ; 0       ; 0         ; 0    ; 0            ; |calculadora|processador:Processador|fluxo_de_dados:FD|muxGenerico2x1:Mux3            ; muxGenerico2x1      ; work         ;
;          |muxGenerico2x1:Mux5|            ; 5 (5)               ; 0 (0)                     ; 0           ; 0            ; 0       ; 0         ; 0    ; 0            ; |calculadora|processador:Processador|fluxo_de_dados:FD|muxGenerico2x1:Mux5            ; muxGenerico2x1      ; work         ;
;          |registradorGenerico:PC|         ; 6 (6)               ; 14 (14)                   ; 0           ; 0            ; 0       ; 0         ; 0    ; 0            ; |calculadora|processador:Processador|fluxo_de_dados:FD|registradorGenerico:PC         ; registradorGenerico ; work         ;
;          |somaConstante:SomadorConstante| ; 22 (22)             ; 0 (0)                     ; 0           ; 0            ; 0       ; 0         ; 0    ; 0            ; |calculadora|processador:Processador|fluxo_de_dados:FD|somaConstante:SomadorConstante ; somaConstante       ; work         ;
+-------------------------------------------+---------------------+---------------------------+-------------+--------------+---------+-----------+------+--------------+---------------------------------------------------------------------------------------+---------------------+--------------+
Note: For table entries with two numbers listed, the numbers in parentheses indicate the number of resources of the given type used by the specific entity alone. The numbers listed outside of parentheses indicate the total resources of the given type used by the specific entity and all of its sub-entities in the hierarchy.


+------------------------------------------------------+
; General Register Statistics                          ;
+----------------------------------------------+-------+
; Statistic                                    ; Value ;
+----------------------------------------------+-------+
; Total registers                              ; 1142  ;
; Number of registers using Synchronous Clear  ; 0     ;
; Number of registers using Synchronous Load   ; 6     ;
; Number of registers using Asynchronous Clear ; 0     ;
; Number of registers using Asynchronous Load  ; 0     ;
; Number of registers using Clock Enable       ; 1128  ;
; Number of registers using Preset             ; 0     ;
+----------------------------------------------+-------+


+--------------------------------------------------------------------------------------------------------------------------------------------------------------------------------------------------------------+
; Multiplexer Restructuring Statistics (Restructuring Performed)                                                                                                                                               ;
+--------------------+-----------+---------------+----------------------+------------------------+------------+------------------------------------------------------------------------------------------------+
; Multiplexer Inputs ; Bus Width ; Baseline Area ; Area if Restructured ; Saving if Restructured ; Registered ; Example Multiplexer Output                                                                     ;
+--------------------+-----------+---------------+----------------------+------------------------+------------+------------------------------------------------------------------------------------------------+
; 3:1                ; 6 bits    ; 12 LEs        ; 12 LEs               ; 0 LEs                  ; Yes        ; |calculadora|processador:Processador|fluxo_de_dados:FD|registradorGenerico:PC|DOUT[12]         ;
; 5:1                ; 8 bits    ; 24 LEs        ; 24 LEs               ; 0 LEs                  ; No         ; |calculadora|processador:Processador|fluxo_de_dados:FD|bancoRegistradores:Banco_Regs|saidaA[0] ;
; 8:1                ; 8 bits    ; 40 LEs        ; 16 LEs               ; 24 LEs                 ; No         ; |calculadora|processador:Processador|fluxo_de_dados:FD|ULA:ULA|saida[3]                        ;
; 9:1                ; 8 bits    ; 48 LEs        ; 48 LEs               ; 0 LEs                  ; No         ; |calculadora|processador:Processador|fluxo_de_dados:FD|bancoRegistradores:Banco_Regs|saidaB[0] ;
; 5:1                ; 6 bits    ; 18 LEs        ; 12 LEs               ; 6 LEs                  ; No         ; |calculadora|processador:Processador|fluxo_de_dados:FD|muxGenerico2x1:Mux3|saida_MUX[3]        ;
; 5:1                ; 2 bits    ; 6 LEs         ; 6 LEs                ; 0 LEs                  ; No         ; |calculadora|processador:Processador|fluxo_de_dados:FD|muxGenerico2x1:Mux3|saida_MUX[6]        ;
+--------------------+-----------+---------------+----------------------+------------------------+------------+------------------------------------------------------------------------------------------------+


+-----------------------------------------------------------------------------+
; Parameter Settings for User Entity Instance: Top-level Entity: |calculadora ;
+-------------------+-------+-------------------------------------------------+
; Parameter Name    ; Value ; Type                                            ;
+-------------------+-------+-------------------------------------------------+
; DATA_WIDTH        ; 8     ; Signed Integer                                  ;
; addrRAMWidth      ; 8     ; Signed Integer                                  ;
; DATA_ROM_WIDTH    ; 18    ; Signed Integer                                  ;
; OPCODE_WIDTH      ; 4     ; Signed Integer                                  ;
; CONTROLWORD_WIDTH ; 12    ; Signed Integer                                  ;
+-------------------+-------+-------------------------------------------------+
Note: In order to hide this table in the UI and the text report file, please set the "Show Parameter Settings in Synthesis Report" option in "Analysis and Synthesis Settings -> More Settings" to "Off".


+----------------------------------------------------------------------+
; Parameter Settings for User Entity Instance: processador:Processador ;
+-------------------+-------+------------------------------------------+
; Parameter Name    ; Value ; Type                                     ;
+-------------------+-------+------------------------------------------+
; data_width        ; 8     ; Signed Integer                           ;
; addrramwidth      ; 8     ; Signed Integer                           ;
; opcode_width      ; 4     ; Signed Integer                           ;
; controlword_width ; 12    ; Signed Integer                           ;
+-------------------+-------+------------------------------------------+
Note: In order to hide this table in the UI and the text report file, please set the "Show Parameter Settings in Synthesis Report" option in "Analysis and Synthesis Settings -> More Settings" to "Off".


+----------------------------------------------------------------------------+
; Parameter Settings for User Entity Instance: processador:Processador|UC:UC ;
+-------------------+-------+------------------------------------------------+
; Parameter Name    ; Value ; Type                                           ;
+-------------------+-------+------------------------------------------------+
; opcode_width      ; 4     ; Signed Integer                                 ;
; controlword_width ; 12    ; Signed Integer                                 ;
+-------------------+-------+------------------------------------------------+
Note: In order to hide this table in the UI and the text report file, please set the "Show Parameter Settings in Synthesis Report" option in "Analysis and Synthesis Settings -> More Settings" to "Off".


+----------------------------------------------------------------------------------------+
; Parameter Settings for User Entity Instance: processador:Processador|fluxo_de_dados:FD ;
+-------------------+-------+------------------------------------------------------------+
; Parameter Name    ; Value ; Type                                                       ;
+-------------------+-------+------------------------------------------------------------+
; datawidth         ; 8     ; Signed Integer                                             ;
; addrwidth         ; 14    ; Signed Integer                                             ;
; addrramwidth      ; 8     ; Signed Integer                                             ;
; opcode_width      ; 4     ; Signed Integer                                             ;
; controlword_width ; 12    ; Signed Integer                                             ;
; dataromwidth      ; 18    ; Signed Integer                                             ;
+-------------------+-------+------------------------------------------------------------+
Note: In order to hide this table in the UI and the text report file, please set the "Show Parameter Settings in Synthesis Report" option in "Analysis and Synthesis Settings -> More Settings" to "Off".


+---------------------------------------------------------------------------------------------------------------+
; Parameter Settings for User Entity Instance: processador:Processador|fluxo_de_dados:FD|registradorGenerico:PC ;
+----------------+-------+--------------------------------------------------------------------------------------+
; Parameter Name ; Value ; Type                                                                                 ;
+----------------+-------+--------------------------------------------------------------------------------------+
; larguradados   ; 14    ; Signed Integer                                                                       ;
+----------------+-------+--------------------------------------------------------------------------------------+
Note: In order to hide this table in the UI and the text report file, please set the "Show Parameter Settings in Synthesis Report" option in "Analysis and Synthesis Settings -> More Settings" to "Off".


+-----------------------------------------------------------------------------------------------------------------------+
; Parameter Settings for User Entity Instance: processador:Processador|fluxo_de_dados:FD|somaConstante:SomadorConstante ;
+----------------+-------+----------------------------------------------------------------------------------------------+
; Parameter Name ; Value ; Type                                                                                         ;
+----------------+-------+----------------------------------------------------------------------------------------------+
; larguradados   ; 14    ; Signed Integer                                                                               ;
; constante      ; 1     ; Signed Integer                                                                               ;
+----------------+-------+----------------------------------------------------------------------------------------------+
Note: In order to hide this table in the UI and the text report file, please set the "Show Parameter Settings in Synthesis Report" option in "Analysis and Synthesis Settings -> More Settings" to "Off".


+------------------------------------------------------------------------------------------------------------+
; Parameter Settings for User Entity Instance: processador:Processador|fluxo_de_dados:FD|muxGenerico2x1:Mux1 ;
+----------------+-------+-----------------------------------------------------------------------------------+
; Parameter Name ; Value ; Type                                                                              ;
+----------------+-------+-----------------------------------------------------------------------------------+
; larguradados   ; 14    ; Signed Integer                                                                    ;
+----------------+-------+-----------------------------------------------------------------------------------+
Note: In order to hide this table in the UI and the text report file, please set the "Show Parameter Settings in Synthesis Report" option in "Analysis and Synthesis Settings -> More Settings" to "Off".


+----------------------------------------------------------------------------------------------------------------------+
; Parameter Settings for User Entity Instance: processador:Processador|fluxo_de_dados:FD|extendeSinalGenerico:Extensor ;
+--------------------+-------+-----------------------------------------------------------------------------------------+
; Parameter Name     ; Value ; Type                                                                                    ;
+--------------------+-------+-----------------------------------------------------------------------------------------+
; larguradadoentrada ; 8     ; Signed Integer                                                                          ;
; larguradadosaida   ; 14    ; Signed Integer                                                                          ;
+--------------------+-------+-----------------------------------------------------------------------------------------+
Note: In order to hide this table in the UI and the text report file, please set the "Show Parameter Settings in Synthesis Report" option in "Analysis and Synthesis Settings -> More Settings" to "Off".


+------------------------------------------------------------------------------------------------------------+
; Parameter Settings for User Entity Instance: processador:Processador|fluxo_de_dados:FD|muxGenerico2x1:Mux4 ;
+----------------+-------+-----------------------------------------------------------------------------------+
; Parameter Name ; Value ; Type                                                                              ;
+----------------+-------+-----------------------------------------------------------------------------------+
; larguradados   ; 14    ; Signed Integer                                                                    ;
+----------------+-------+-----------------------------------------------------------------------------------+
Note: In order to hide this table in the UI and the text report file, please set the "Show Parameter Settings in Synthesis Report" option in "Analysis and Synthesis Settings -> More Settings" to "Off".


+-------------------------------------------------------------------------------------------------------+
; Parameter Settings for User Entity Instance: processador:Processador|fluxo_de_dados:FD|memoriaROM:ROM ;
+----------------+-------+------------------------------------------------------------------------------+
; Parameter Name ; Value ; Type                                                                         ;
+----------------+-------+------------------------------------------------------------------------------+
; datawidth      ; 18    ; Signed Integer                                                               ;
; addrwidth      ; 14    ; Signed Integer                                                               ;
; opcode_width   ; 4     ; Signed Integer                                                               ;
+----------------+-------+------------------------------------------------------------------------------+
Note: In order to hide this table in the UI and the text report file, please set the "Show Parameter Settings in Synthesis Report" option in "Analysis and Synthesis Settings -> More Settings" to "Off".


+----------------------------------------------------------------------------------------------------------------------+
; Parameter Settings for User Entity Instance: processador:Processador|fluxo_de_dados:FD|bancoRegistradores:Banco_Regs ;
+---------------------+-------+----------------------------------------------------------------------------------------+
; Parameter Name      ; Value ; Type                                                                                   ;
+---------------------+-------+----------------------------------------------------------------------------------------+
; larguradados        ; 8     ; Signed Integer                                                                         ;
; larguraendbancoregs ; 3     ; Signed Integer                                                                         ;
+---------------------+-------+----------------------------------------------------------------------------------------+
Note: In order to hide this table in the UI and the text report file, please set the "Show Parameter Settings in Synthesis Report" option in "Analysis and Synthesis Settings -> More Settings" to "Off".


+------------------------------------------------------------------------------------------------------------+
; Parameter Settings for User Entity Instance: processador:Processador|fluxo_de_dados:FD|muxGenerico2x1:Mux5 ;
+----------------+-------+-----------------------------------------------------------------------------------+
; Parameter Name ; Value ; Type                                                                              ;
+----------------+-------+-----------------------------------------------------------------------------------+
; larguradados   ; 3     ; Signed Integer                                                                    ;
+----------------+-------+-----------------------------------------------------------------------------------+
Note: In order to hide this table in the UI and the text report file, please set the "Show Parameter Settings in Synthesis Report" option in "Analysis and Synthesis Settings -> More Settings" to "Off".


+------------------------------------------------------------------------------------------------------------+
; Parameter Settings for User Entity Instance: processador:Processador|fluxo_de_dados:FD|muxGenerico2x1:Mux2 ;
+----------------+-------+-----------------------------------------------------------------------------------+
; Parameter Name ; Value ; Type                                                                              ;
+----------------+-------+-----------------------------------------------------------------------------------+
; larguradados   ; 8     ; Signed Integer                                                                    ;
+----------------+-------+-----------------------------------------------------------------------------------+
Note: In order to hide this table in the UI and the text report file, please set the "Show Parameter Settings in Synthesis Report" option in "Analysis and Synthesis Settings -> More Settings" to "Off".


+------------------------------------------------------------------------------------------------+
; Parameter Settings for User Entity Instance: processador:Processador|fluxo_de_dados:FD|ULA:ULA ;
+----------------+-------+-----------------------------------------------------------------------+
; Parameter Name ; Value ; Type                                                                  ;
+----------------+-------+-----------------------------------------------------------------------+
; larguradados   ; 8     ; Signed Integer                                                        ;
+----------------+-------+-----------------------------------------------------------------------+
Note: In order to hide this table in the UI and the text report file, please set the "Show Parameter Settings in Synthesis Report" option in "Analysis and Synthesis Settings -> More Settings" to "Off".


+------------------------------------------------------------------------------------------------------------+
; Parameter Settings for User Entity Instance: processador:Processador|fluxo_de_dados:FD|muxGenerico2x1:Mux3 ;
+----------------+-------+-----------------------------------------------------------------------------------+
; Parameter Name ; Value ; Type                                                                              ;
+----------------+-------+-----------------------------------------------------------------------------------+
; larguradados   ; 8     ; Signed Integer                                                                    ;
+----------------+-------+-----------------------------------------------------------------------------------+
Note: In order to hide this table in the UI and the text report file, please set the "Show Parameter Settings in Synthesis Report" option in "Analysis and Synthesis Settings -> More Settings" to "Off".


+-------------------------------------------------------------+
; Parameter Settings for User Entity Instance: memoriaRAM:RAM ;
+----------------+-------+------------------------------------+
; Parameter Name ; Value ; Type                               ;
+----------------+-------+------------------------------------+
; datawidth      ; 8     ; Signed Integer                     ;
; addrwidth      ; 7     ; Signed Integer                     ;
+----------------+-------+------------------------------------+
Note: In order to hide this table in the UI and the text report file, please set the "Show Parameter Settings in Synthesis Report" option in "Analysis and Synthesis Settings -> More Settings" to "Off".


+--------------------------------------------------------------------------+
; Parameter Settings for User Entity Instance: decodificador:decodificador ;
+----------------+-------+-------------------------------------------------+
; Parameter Name ; Value ; Type                                            ;
+----------------+-------+-------------------------------------------------+
; addr_width     ; 8     ; Signed Integer                                  ;
+----------------+-------+-------------------------------------------------+
Note: In order to hide this table in the UI and the text report file, please set the "Show Parameter Settings in Synthesis Report" option in "Analysis and Synthesis Settings -> More Settings" to "Off".


+-------------------------------------------------------------------------------+
; Parameter Settings for User Entity Instance: interfaceLEDs:saidaLED_Vermelhos ;
+----------------+-------+------------------------------------------------------+
; Parameter Name ; Value ; Type                                                 ;
+----------------+-------+------------------------------------------------------+
; datawidth      ; 8     ; Signed Integer                                       ;
+----------------+-------+------------------------------------------------------+
Note: In order to hide this table in the UI and the text report file, please set the "Show Parameter Settings in Synthesis Report" option in "Analysis and Synthesis Settings -> More Settings" to "Off".


+--------------------------------------------------------------------------------+
; Parameter Settings for User Entity Instance: interfaceCHAVES:entradaChaves_0_7 ;
+----------------+-------+-------------------------------------------------------+
; Parameter Name ; Value ; Type                                                  ;
+----------------+-------+-------------------------------------------------------+
; datawidth      ; 8     ; Signed Integer                                        ;
+----------------+-------+-------------------------------------------------------+
Note: In order to hide this table in the UI and the text report file, please set the "Show Parameter Settings in Synthesis Report" option in "Analysis and Synthesis Settings -> More Settings" to "Off".


+---------------------------------------------------------------------------------+
; Parameter Settings for User Entity Instance: interfaceCHAVES:entradaChaves_8_15 ;
+----------------+-------+--------------------------------------------------------+
; Parameter Name ; Value ; Type                                                   ;
+----------------+-------+--------------------------------------------------------+
; datawidth      ; 8     ; Signed Integer                                         ;
+----------------+-------+--------------------------------------------------------+
Note: In order to hide this table in the UI and the text report file, please set the "Show Parameter Settings in Synthesis Report" option in "Analysis and Synthesis Settings -> More Settings" to "Off".


+----------------------------------------------------------------------------------+
; Parameter Settings for User Entity Instance: interfaceCHAVES:entradaChaves_16_17 ;
+----------------+-------+---------------------------------------------------------+
; Parameter Name ; Value ; Type                                                    ;
+----------------+-------+---------------------------------------------------------+
; datawidth      ; 8     ; Signed Integer                                          ;
+----------------+-------+---------------------------------------------------------+
Note: In order to hide this table in the UI and the text report file, please set the "Show Parameter Settings in Synthesis Report" option in "Analysis and Synthesis Settings -> More Settings" to "Off".


+-----------------------------------------------------------+
; Parameter Settings for User Entity Instance: button:Botao ;
+----------------+-------+----------------------------------+
; Parameter Name ; Value ; Type                             ;
+----------------+-------+----------------------------------+
; total_key      ; 1     ; Signed Integer                   ;
; data_size      ; 8     ; Signed Integer                   ;
+----------------+-------+----------------------------------+
Note: In order to hide this table in the UI and the text report file, please set the "Show Parameter Settings in Synthesis Report" option in "Analysis and Synthesis Settings -> More Settings" to "Off".


+--------------------------------------------------------------------+
; Parameter Settings for User Entity Instance: doubleHex7:DISPLAY0_1 ;
+--------------------+-------+---------------------------------------+
; Parameter Name     ; Value ; Type                                  ;
+--------------------+-------+---------------------------------------+
; larguradados       ; 8     ; Signed Integer                        ;
; tamanhosetesegmtos ; 7     ; Signed Integer                        ;
+--------------------+-------+---------------------------------------+
Note: In order to hide this table in the UI and the text report file, please set the "Show Parameter Settings in Synthesis Report" option in "Analysis and Synthesis Settings -> More Settings" to "Off".


+--------------------------------------------------------------------------------------------+
; Parameter Settings for User Entity Instance: doubleHex7:DISPLAY0_1|registradorGenerico:REG ;
+----------------+-------+-------------------------------------------------------------------+
; Parameter Name ; Value ; Type                                                              ;
+----------------+-------+-------------------------------------------------------------------+
; larguradados   ; 8     ; Signed Integer                                                    ;
+----------------+-------+-------------------------------------------------------------------+
Note: In order to hide this table in the UI and the text report file, please set the "Show Parameter Settings in Synthesis Report" option in "Analysis and Synthesis Settings -> More Settings" to "Off".


+--------------------------------------------------------------------+
; Parameter Settings for User Entity Instance: doubleHex7:DISPLAY2_3 ;
+--------------------+-------+---------------------------------------+
; Parameter Name     ; Value ; Type                                  ;
+--------------------+-------+---------------------------------------+
; larguradados       ; 8     ; Signed Integer                        ;
; tamanhosetesegmtos ; 7     ; Signed Integer                        ;
+--------------------+-------+---------------------------------------+
Note: In order to hide this table in the UI and the text report file, please set the "Show Parameter Settings in Synthesis Report" option in "Analysis and Synthesis Settings -> More Settings" to "Off".


+--------------------------------------------------------------------------------------------+
; Parameter Settings for User Entity Instance: doubleHex7:DISPLAY2_3|registradorGenerico:REG ;
+----------------+-------+-------------------------------------------------------------------+
; Parameter Name ; Value ; Type                                                              ;
+----------------+-------+-------------------------------------------------------------------+
; larguradados   ; 8     ; Signed Integer                                                    ;
+----------------+-------+-------------------------------------------------------------------+
Note: In order to hide this table in the UI and the text report file, please set the "Show Parameter Settings in Synthesis Report" option in "Analysis and Synthesis Settings -> More Settings" to "Off".


+--------------------------------------------------------------------+
; Parameter Settings for User Entity Instance: doubleHex7:DISPLAY4_5 ;
+--------------------+-------+---------------------------------------+
; Parameter Name     ; Value ; Type                                  ;
+--------------------+-------+---------------------------------------+
; larguradados       ; 8     ; Signed Integer                        ;
; tamanhosetesegmtos ; 7     ; Signed Integer                        ;
+--------------------+-------+---------------------------------------+
Note: In order to hide this table in the UI and the text report file, please set the "Show Parameter Settings in Synthesis Report" option in "Analysis and Synthesis Settings -> More Settings" to "Off".


+--------------------------------------------------------------------------------------------+
; Parameter Settings for User Entity Instance: doubleHex7:DISPLAY4_5|registradorGenerico:REG ;
+----------------+-------+-------------------------------------------------------------------+
; Parameter Name ; Value ; Type                                                              ;
+----------------+-------+-------------------------------------------------------------------+
; larguradados   ; 8     ; Signed Integer                                                    ;
+----------------+-------+-------------------------------------------------------------------+
Note: In order to hide this table in the UI and the text report file, please set the "Show Parameter Settings in Synthesis Report" option in "Analysis and Synthesis Settings -> More Settings" to "Off".


+--------------------------------------------------------------------+
; Parameter Settings for User Entity Instance: doubleHex7:DISPLAY6_7 ;
+--------------------+-------+---------------------------------------+
; Parameter Name     ; Value ; Type                                  ;
+--------------------+-------+---------------------------------------+
; larguradados       ; 8     ; Signed Integer                        ;
; tamanhosetesegmtos ; 7     ; Signed Integer                        ;
+--------------------+-------+---------------------------------------+
Note: In order to hide this table in the UI and the text report file, please set the "Show Parameter Settings in Synthesis Report" option in "Analysis and Synthesis Settings -> More Settings" to "Off".


+--------------------------------------------------------------------------------------------+
; Parameter Settings for User Entity Instance: doubleHex7:DISPLAY6_7|registradorGenerico:REG ;
+----------------+-------+-------------------------------------------------------------------+
; Parameter Name ; Value ; Type                                                              ;
+----------------+-------+-------------------------------------------------------------------+
; larguradados   ; 8     ; Signed Integer                                                    ;
+----------------+-------+-------------------------------------------------------------------+
Note: In order to hide this table in the UI and the text report file, please set the "Show Parameter Settings in Synthesis Report" option in "Analysis and Synthesis Settings -> More Settings" to "Off".


+-------------------------------------------------------+
; Port Connectivity Checks: "conversorHex7Seg:DISPLAY7" ;
+----------+-------+----------+-------------------------+
; Port     ; Type  ; Severity ; Details                 ;
+----------+-------+----------+-------------------------+
; apaga    ; Input ; Info     ; Stuck at GND            ;
; negativo ; Input ; Info     ; Stuck at GND            ;
; overflow ; Input ; Info     ; Stuck at GND            ;
+----------+-------+----------+-------------------------+


+-------------------------------------------------------+
; Port Connectivity Checks: "conversorHex7Seg:DISPLAY6" ;
+----------+-------+----------+-------------------------+
; Port     ; Type  ; Severity ; Details                 ;
+----------+-------+----------+-------------------------+
; apaga    ; Input ; Info     ; Stuck at GND            ;
; negativo ; Input ; Info     ; Stuck at GND            ;
; overflow ; Input ; Info     ; Stuck at GND            ;
+----------+-------+----------+-------------------------+


+-------------------------------------------------------+
; Port Connectivity Checks: "conversorHex7Seg:DISPLAY5" ;
+----------+-------+----------+-------------------------+
; Port     ; Type  ; Severity ; Details                 ;
+----------+-------+----------+-------------------------+
; apaga    ; Input ; Info     ; Stuck at GND            ;
; negativo ; Input ; Info     ; Stuck at GND            ;
; overflow ; Input ; Info     ; Stuck at GND            ;
+----------+-------+----------+-------------------------+


+-------------------------------------------------------+
; Port Connectivity Checks: "conversorHex7Seg:DISPLAY4" ;
+----------+-------+----------+-------------------------+
; Port     ; Type  ; Severity ; Details                 ;
+----------+-------+----------+-------------------------+
; apaga    ; Input ; Info     ; Stuck at GND            ;
; negativo ; Input ; Info     ; Stuck at GND            ;
; overflow ; Input ; Info     ; Stuck at GND            ;
+----------+-------+----------+-------------------------+


+-------------------------------------------------------+
; Port Connectivity Checks: "conversorHex7Seg:DISPLAY3" ;
+----------+-------+----------+-------------------------+
; Port     ; Type  ; Severity ; Details                 ;
+----------+-------+----------+-------------------------+
; apaga    ; Input ; Info     ; Stuck at GND            ;
; negativo ; Input ; Info     ; Stuck at GND            ;
; overflow ; Input ; Info     ; Stuck at GND            ;
+----------+-------+----------+-------------------------+


+-------------------------------------------------------+
; Port Connectivity Checks: "conversorHex7Seg:DISPLAY2" ;
+----------+-------+----------+-------------------------+
; Port     ; Type  ; Severity ; Details                 ;
+----------+-------+----------+-------------------------+
; apaga    ; Input ; Info     ; Stuck at GND            ;
; negativo ; Input ; Info     ; Stuck at GND            ;
; overflow ; Input ; Info     ; Stuck at GND            ;
+----------+-------+----------+-------------------------+


+-------------------------------------------------------+
; Port Connectivity Checks: "conversorHex7Seg:DISPLAY1" ;
+----------+-------+----------+-------------------------+
; Port     ; Type  ; Severity ; Details                 ;
+----------+-------+----------+-------------------------+
; apaga    ; Input ; Info     ; Stuck at GND            ;
; negativo ; Input ; Info     ; Stuck at GND            ;
; overflow ; Input ; Info     ; Stuck at GND            ;
+----------+-------+----------+-------------------------+


+-------------------------------------------------------+
; Port Connectivity Checks: "conversorHex7Seg:DISPLAY0" ;
+----------+-------+----------+-------------------------+
; Port     ; Type  ; Severity ; Details                 ;
+----------+-------+----------+-------------------------+
; apaga    ; Input ; Info     ; Stuck at GND            ;
; negativo ; Input ; Info     ; Stuck at GND            ;
; overflow ; Input ; Info     ; Stuck at GND            ;
+----------+-------+----------+-------------------------+


+---------------------------------------------------------------------------+
; Port Connectivity Checks: "doubleHex7:DISPLAY0_1|registradorGenerico:REG" ;
+------+-------+----------+-------------------------------------------------+
; Port ; Type  ; Severity ; Details                                         ;
+------+-------+----------+-------------------------------------------------+
; rst  ; Input ; Info     ; Stuck at GND                                    ;
+------+-------+----------+-------------------------------------------------+


+-------------------------------------------------------------------------------------------------------------------+
; Port Connectivity Checks: "button:Botao"                                                                          ;
+---------+--------+----------+-------------------------------------------------------------------------------------+
; Port    ; Type   ; Severity ; Details                                                                             ;
+---------+--------+----------+-------------------------------------------------------------------------------------+
; key_out ; Output ; Info     ; Connected to dangling logic. Logic that only feeds a dangling port will be removed. ;
+---------+--------+----------+-------------------------------------------------------------------------------------+


+-----------------------------------------------------------------+
; Port Connectivity Checks: "interfaceCHAVES:entradaChaves_16_17" ;
+---------------+-------+----------+------------------------------+
; Port          ; Type  ; Severity ; Details                      ;
+---------------+-------+----------+------------------------------+
; entrada[5..0] ; Input ; Info     ; Stuck at GND                 ;
+---------------+-------+----------+------------------------------+


+---------------------------------------------------------------------------------------------------------------------------+
; Port Connectivity Checks: "decodificador:decodificador"                                                                   ;
+-----------------+--------+----------+-------------------------------------------------------------------------------------+
; Port            ; Type   ; Severity ; Details                                                                             ;
+-----------------+--------+----------+-------------------------------------------------------------------------------------+
; habilita[10..8] ; Output ; Info     ; Connected to dangling logic. Logic that only feeds a dangling port will be removed. ;
; habilita[6..5]  ; Output ; Info     ; Connected to dangling logic. Logic that only feeds a dangling port will be removed. ;
+-----------------+--------+----------+-------------------------------------------------------------------------------------+


+----------------------------------------------------------------------------------------------+
; Port Connectivity Checks: "processador:Processador|fluxo_de_dados:FD|registradorGenerico:PC" ;
+--------+-------+----------+------------------------------------------------------------------+
; Port   ; Type  ; Severity ; Details                                                          ;
+--------+-------+----------+------------------------------------------------------------------+
; enable ; Input ; Info     ; Stuck at VCC                                                     ;
; rst    ; Input ; Info     ; Stuck at GND                                                     ;
+--------+-------+----------+------------------------------------------------------------------+


+-----------------------------------------------------+
; Post-Synthesis Netlist Statistics for Top Partition ;
+-----------------------+-----------------------------+
; Type                  ; Count                       ;
+-----------------------+-----------------------------+
; boundary_port         ; 208                         ;
; cycloneiii_ff         ; 1142                        ;
;     ENA               ; 1128                        ;
;     SLD               ; 6                           ;
;     plain             ; 8                           ;
; cycloneiii_lcell_comb ; 1115                        ;
;     arith             ; 21                          ;
;         2 data inputs ; 14                          ;
;         3 data inputs ; 7                           ;
;     normal            ; 1094                        ;
;         0 data inputs ; 1                           ;
;         1 data inputs ; 9                           ;
;         2 data inputs ; 51                          ;
;         3 data inputs ; 82                          ;
;         4 data inputs ; 951                         ;
;                       ;                             ;
; Max LUT depth         ; 19.10                       ;
; Average LUT depth     ; 11.38                       ;
+-----------------------+-----------------------------+


+-------------------------------+
; Elapsed Time Per Partition    ;
+----------------+--------------+
; Partition Name ; Elapsed Time ;
+----------------+--------------+
; Top            ; 00:00:06     ;
+----------------+--------------+


+-------------------------------+
; Analysis & Synthesis Messages ;
+-------------------------------+
Info: *******************************************************************
Info: Running Quartus Prime Analysis & Synthesis
    Info: Version 18.1.0 Build 625 09/12/2018 SJ Lite Edition
    Info: Processing started: Thu Apr 16 19:32:10 2020
Info: Command: quartus_map --read_settings_files=on --write_settings_files=off Calculadora -c Calculadora
Info (20030): Parallel compilation is enabled and will use 6 of the 6 processors detected
Info (12021): Found 2 design units, including 1 entities, in source file muxGenerico2x1.vhd
    Info (12022): Found design unit 1: muxGenerico2x1-comportamento File: /home/alessandrab/Dropbox/Leca/Insper/7oSem/DesComp/calculator/Projeto1/muxGenerico2x1.vhd Line: 15
    Info (12023): Found entity 1: muxGenerico2x1 File: /home/alessandrab/Dropbox/Leca/Insper/7oSem/DesComp/calculator/Projeto1/muxGenerico2x1.vhd Line: 5
Info (12021): Found 2 design units, including 1 entities, in source file registradorGenerico.vhd
    Info (12022): Found design unit 1: registradorGenerico-comportamento File: /home/alessandrab/Dropbox/Leca/Insper/7oSem/DesComp/calculator/Projeto1/registradorGenerico.vhd Line: 15
    Info (12023): Found entity 1: registradorGenerico File: /home/alessandrab/Dropbox/Leca/Insper/7oSem/DesComp/calculator/Projeto1/registradorGenerico.vhd Line: 4
Info (12021): Found 2 design units, including 1 entities, in source file somaConstante.vhdl
    Info (12022): Found design unit 1: somaConstante-comportamento File: /home/alessandrab/Dropbox/Leca/Insper/7oSem/DesComp/calculator/Projeto1/somaConstante.vhdl Line: 18
    Info (12023): Found entity 1: somaConstante File: /home/alessandrab/Dropbox/Leca/Insper/7oSem/DesComp/calculator/Projeto1/somaConstante.vhdl Line: 5
Info (12021): Found 2 design units, including 1 entities, in source file somador.vhd
    Info (12022): Found design unit 1: somador-comportamento File: /home/alessandrab/Dropbox/Leca/Insper/7oSem/DesComp/calculator/Projeto1/somador.vhd Line: 18
    Info (12023): Found entity 1: somador File: /home/alessandrab/Dropbox/Leca/Insper/7oSem/DesComp/calculator/Projeto1/somador.vhd Line: 5
Info (12021): Found 2 design units, including 1 entities, in source file UC.vhd
    Info (12022): Found design unit 1: UC-comportamento File: /home/alessandrab/Dropbox/Leca/Insper/7oSem/DesComp/calculator/Projeto1/UC.vhd Line: 18
    Info (12023): Found entity 1: UC File: /home/alessandrab/Dropbox/Leca/Insper/7oSem/DesComp/calculator/Projeto1/UC.vhd Line: 4
Info (12021): Found 2 design units, including 1 entities, in source file memoriaROM.vhd
    Info (12022): Found design unit 1: memoriaROM-assincrona File: /home/alessandrab/Dropbox/Leca/Insper/7oSem/DesComp/calculator/Projeto1/memoriaROM.vhd Line: 17
    Info (12023): Found entity 1: memoriaROM File: /home/alessandrab/Dropbox/Leca/Insper/7oSem/DesComp/calculator/Projeto1/memoriaROM.vhd Line: 5
Info (12021): Found 2 design units, including 1 entities, in source file memoriaRAM.vhd
    Info (12022): Found design unit 1: memoriaRAM-rtl File: /home/alessandrab/Dropbox/Leca/Insper/7oSem/DesComp/calculator/Projeto1/memoriaRAM.vhd Line: 22
    Info (12023): Found entity 1: memoriaRAM File: /home/alessandrab/Dropbox/Leca/Insper/7oSem/DesComp/calculator/Projeto1/memoriaRAM.vhd Line: 5
Info (12021): Found 2 design units, including 1 entities, in source file interfaceLEDs.vhd
    Info (12022): Found design unit 1: interfaceLEDs-comportamento File: /home/alessandrab/Dropbox/Leca/Insper/7oSem/DesComp/calculator/Projeto1/interfaceLEDs.vhd Line: 16
    Info (12023): Found entity 1: interfaceLEDs File: /home/alessandrab/Dropbox/Leca/Insper/7oSem/DesComp/calculator/Projeto1/interfaceLEDs.vhd Line: 4
Info (12021): Found 2 design units, including 1 entities, in source file interfaceCHAVES.vhd
    Info (12022): Found design unit 1: interfaceCHAVES-comportamento File: /home/alessandrab/Dropbox/Leca/Insper/7oSem/DesComp/calculator/Projeto1/interfaceCHAVES.vhd Line: 15
    Info (12023): Found entity 1: interfaceCHAVES File: /home/alessandrab/Dropbox/Leca/Insper/7oSem/DesComp/calculator/Projeto1/interfaceCHAVES.vhd Line: 4
Info (12021): Found 2 design units, including 1 entities, in source file decodificador.vhd
    Info (12022): Found design unit 1: decodificador-comportamento File: /home/alessandrab/Dropbox/Leca/Insper/7oSem/DesComp/calculator/Projeto1/decodificador.vhd Line: 17
    Info (12023): Found entity 1: decodificador File: /home/alessandrab/Dropbox/Leca/Insper/7oSem/DesComp/calculator/Projeto1/decodificador.vhd Line: 5
Info (12021): Found 2 design units, including 1 entities, in source file calculadora.vhd
    Info (12022): Found design unit 1: calculadora-calculadoraArch File: /home/alessandrab/Dropbox/Leca/Insper/7oSem/DesComp/calculator/Projeto1/calculadora.vhd Line: 48
    Info (12023): Found entity 1: calculadora File: /home/alessandrab/Dropbox/Leca/Insper/7oSem/DesComp/calculator/Projeto1/calculadora.vhd Line: 6
Info (12021): Found 2 design units, including 1 entities, in source file bancoRegistradores.vhd
    Info (12022): Found design unit 1: bancoRegistradores-comportamento File: /home/alessandrab/Dropbox/Leca/Insper/7oSem/DesComp/calculator/Projeto1/bancoRegistradores.vhd Line: 39
    Info (12023): Found entity 1: bancoRegistradores File: /home/alessandrab/Dropbox/Leca/Insper/7oSem/DesComp/calculator/Projeto1/bancoRegistradores.vhd Line: 7
Info (12021): Found 2 design units, including 1 entities, in source file ULA.vhd
    Info (12022): Found design unit 1: ULA-comportamento File: /home/alessandrab/Dropbox/Leca/Insper/7oSem/DesComp/calculator/Projeto1/ULA.vhd Line: 20
    Info (12023): Found entity 1: ULA File: /home/alessandrab/Dropbox/Leca/Insper/7oSem/DesComp/calculator/Projeto1/ULA.vhd Line: 5
Info (12021): Found 2 design units, including 1 entities, in source file fluxo_de_dados.vhd
    Info (12022): Found design unit 1: fluxo_de_dados-comportamento File: /home/alessandrab/Dropbox/Leca/Insper/7oSem/DesComp/calculator/Projeto1/fluxo_de_dados.vhd Line: 40
    Info (12023): Found entity 1: fluxo_de_dados File: /home/alessandrab/Dropbox/Leca/Insper/7oSem/DesComp/calculator/Projeto1/fluxo_de_dados.vhd Line: 4
Info (12021): Found 2 design units, including 1 entities, in source file extendeSinalGenerico.vhd
    Info (12022): Found design unit 1: extendeSinalGenerico-comportamento File: /home/alessandrab/Dropbox/Leca/Insper/7oSem/DesComp/calculator/Projeto1/extendeSinalGenerico.vhd Line: 19
    Info (12023): Found entity 1: extendeSinalGenerico File: /home/alessandrab/Dropbox/Leca/Insper/7oSem/DesComp/calculator/Projeto1/extendeSinalGenerico.vhd Line: 4
Info (12021): Found 2 design units, including 1 entities, in source file processador.vhd
    Info (12022): Found design unit 1: processador-processadorArch File: /home/alessandrab/Dropbox/Leca/Insper/7oSem/DesComp/calculator/Projeto1/processador.vhd Line: 41
    Info (12023): Found entity 1: processador File: /home/alessandrab/Dropbox/Leca/Insper/7oSem/DesComp/calculator/Projeto1/processador.vhd Line: 6
Info (12021): Found 2 design units, including 1 entities, in source file conversorHex7Seg.vhd
    Info (12022): Found design unit 1: conversorHex7Seg-comportamento File: /home/alessandrab/Dropbox/Leca/Insper/7oSem/DesComp/calculator/Projeto1/conversorHex7Seg.vhd Line: 17
    Info (12023): Found entity 1: conversorHex7Seg File: /home/alessandrab/Dropbox/Leca/Insper/7oSem/DesComp/calculator/Projeto1/conversorHex7Seg.vhd Line: 4
Info (12021): Found 2 design units, including 1 entities, in source file edgeDetector.vhd
    Info (12022): Found design unit 1: edgeDetector-bordaDescida File: /home/alessandrab/Dropbox/Leca/Insper/7oSem/DesComp/calculator/Projeto1/edgeDetector.vhd Line: 10
    Info (12023): Found entity 1: edgeDetector File: /home/alessandrab/Dropbox/Leca/Insper/7oSem/DesComp/calculator/Projeto1/edgeDetector.vhd Line: 4
Info (12021): Found 2 design units, including 1 entities, in source file doubleHex7.vhd
    Info (12022): Found design unit 1: doubleHex7-comportamento File: /home/alessandrab/Dropbox/Leca/Insper/7oSem/DesComp/calculator/Projeto1/doubleHex7.vhd Line: 18
    Info (12023): Found entity 1: doubleHex7 File: /home/alessandrab/Dropbox/Leca/Insper/7oSem/DesComp/calculator/Projeto1/doubleHex7.vhd Line: 4
Info (12021): Found 2 design units, including 1 entities, in source file output_files/divisorGenerico.vhd
    Info (12022): Found design unit 1: divisorGenerico-divInteiro File: /home/alessandrab/Dropbox/Leca/Insper/7oSem/DesComp/calculator/Projeto1/output_files/divisorGenerico.vhd Line: 16
    Info (12023): Found entity 1: divisorGenerico File: /home/alessandrab/Dropbox/Leca/Insper/7oSem/DesComp/calculator/Projeto1/output_files/divisorGenerico.vhd Line: 5
Info (12021): Found 2 design units, including 1 entities, in source file button.vhd
    Info (12022): Found design unit 1: button-keyArch File: /home/alessandrab/Dropbox/Leca/Insper/7oSem/DesComp/calculator/Projeto1/button.vhd Line: 22
    Info (12023): Found entity 1: button File: /home/alessandrab/Dropbox/Leca/Insper/7oSem/DesComp/calculator/Projeto1/button.vhd Line: 5
Info (12127): Elaborating entity "calculadora" for the top level hierarchy
Warning (10036): Verilog HDL or VHDL warning at calculadora.vhd(50): object "sig_button" assigned a value but never read File: /home/alessandrab/Dropbox/Leca/Insper/7oSem/DesComp/calculator/Projeto1/calculadora.vhd Line: 50
Warning (10873): Using initial value X (don't care) for net "LEDR[17..8]" at calculadora.vhd(24) File: /home/alessandrab/Dropbox/Leca/Insper/7oSem/DesComp/calculator/Projeto1/calculadora.vhd Line: 24
Info (12128): Elaborating entity "processador" for hierarchy "processador:Processador" File: /home/alessandrab/Dropbox/Leca/Insper/7oSem/DesComp/calculator/Projeto1/calculadora.vhd Line: 96
Info (12128): Elaborating entity "UC" for hierarchy "processador:Processador|UC:UC" File: /home/alessandrab/Dropbox/Leca/Insper/7oSem/DesComp/calculator/Projeto1/processador.vhd Line: 51
Info (12128): Elaborating entity "fluxo_de_dados" for hierarchy "processador:Processador|fluxo_de_dados:FD" File: /home/alessandrab/Dropbox/Leca/Insper/7oSem/DesComp/calculator/Projeto1/processador.vhd Line: 59
Info (12128): Elaborating entity "registradorGenerico" for hierarchy "processador:Processador|fluxo_de_dados:FD|registradorGenerico:PC" File: /home/alessandrab/Dropbox/Leca/Insper/7oSem/DesComp/calculator/Projeto1/fluxo_de_dados.vhd Line: 72
Info (12128): Elaborating entity "somaConstante" for hierarchy "processador:Processador|fluxo_de_dados:FD|somaConstante:SomadorConstante" File: /home/alessandrab/Dropbox/Leca/Insper/7oSem/DesComp/calculator/Projeto1/fluxo_de_dados.vhd Line: 81
Info (12128): Elaborating entity "muxGenerico2x1" for hierarchy "processador:Processador|fluxo_de_dados:FD|muxGenerico2x1:Mux1" File: /home/alessandrab/Dropbox/Leca/Insper/7oSem/DesComp/calculator/Projeto1/fluxo_de_dados.vhd Line: 87
Info (12128): Elaborating entity "extendeSinalGenerico" for hierarchy "processador:Processador|fluxo_de_dados:FD|extendeSinalGenerico:Extensor" File: /home/alessandrab/Dropbox/Leca/Insper/7oSem/DesComp/calculator/Projeto1/fluxo_de_dados.vhd Line: 99
Info (12128): Elaborating entity "memoriaROM" for hierarchy "processador:Processador|fluxo_de_dados:FD|memoriaROM:ROM" File: /home/alessandrab/Dropbox/Leca/Insper/7oSem/DesComp/calculator/Projeto1/fluxo_de_dados.vhd Line: 133
Info (12128): Elaborating entity "bancoRegistradores" for hierarchy "processador:Processador|fluxo_de_dados:FD|bancoRegistradores:Banco_Regs" File: /home/alessandrab/Dropbox/Leca/Insper/7oSem/DesComp/calculator/Projeto1/fluxo_de_dados.vhd Line: 145
Info (12128): Elaborating entity "muxGenerico2x1" for hierarchy "processador:Processador|fluxo_de_dados:FD|muxGenerico2x1:Mux5" File: /home/alessandrab/Dropbox/Leca/Insper/7oSem/DesComp/calculator/Projeto1/fluxo_de_dados.vhd Line: 164
Info (12128): Elaborating entity "muxGenerico2x1" for hierarchy "processador:Processador|fluxo_de_dados:FD|muxGenerico2x1:Mux2" File: /home/alessandrab/Dropbox/Leca/Insper/7oSem/DesComp/calculator/Projeto1/fluxo_de_dados.vhd Line: 176
Info (12128): Elaborating entity "ULA" for hierarchy "processador:Processador|fluxo_de_dados:FD|ULA:ULA" File: /home/alessandrab/Dropbox/Leca/Insper/7oSem/DesComp/calculator/Projeto1/fluxo_de_dados.vhd Line: 188
Info (12128): Elaborating entity "memoriaRAM" for hierarchy "memoriaRAM:RAM" File: /home/alessandrab/Dropbox/Leca/Insper/7oSem/DesComp/calculator/Projeto1/calculadora.vhd Line: 120
Info (12128): Elaborating entity "decodificador" for hierarchy "decodificador:decodificador" File: /home/alessandrab/Dropbox/Leca/Insper/7oSem/DesComp/calculator/Projeto1/calculadora.vhd Line: 132
Info (12128): Elaborating entity "interfaceLEDs" for hierarchy "interfaceLEDs:saidaLED_Vermelhos" File: /home/alessandrab/Dropbox/Leca/Insper/7oSem/DesComp/calculator/Projeto1/calculadora.vhd Line: 142
Info (12128): Elaborating entity "interfaceCHAVES" for hierarchy "interfaceCHAVES:entradaChaves_0_7" File: /home/alessandrab/Dropbox/Leca/Insper/7oSem/DesComp/calculator/Projeto1/calculadora.vhd Line: 160
Info (12128): Elaborating entity "button" for hierarchy "button:Botao" File: /home/alessandrab/Dropbox/Leca/Insper/7oSem/DesComp/calculator/Projeto1/calculadora.vhd Line: 183
Info (12128): Elaborating entity "doubleHex7" for hierarchy "doubleHex7:DISPLAY0_1" File: /home/alessandrab/Dropbox/Leca/Insper/7oSem/DesComp/calculator/Projeto1/calculadora.vhd Line: 197
Info (12128): Elaborating entity "registradorGenerico" for hierarchy "doubleHex7:DISPLAY0_1|registradorGenerico:REG" File: /home/alessandrab/Dropbox/Leca/Insper/7oSem/DesComp/calculator/Projeto1/doubleHex7.vhd Line: 21
Info (12128): Elaborating entity "conversorHex7Seg" for hierarchy "conversorHex7Seg:DISPLAY0" File: /home/alessandrab/Dropbox/Leca/Insper/7oSem/DesComp/calculator/Projeto1/calculadora.vhd Line: 232
Warning (13046): Tri-state node(s) do not directly drive top-level pin(s)
    Warning (13048): Converted tri-state node "barramentoLeituraDados[7]" into a selector File: /home/alessandrab/Dropbox/Leca/Insper/7oSem/DesComp/calculator/Projeto1/muxGenerico2x1.vhd Line: 11
    Warning (13048): Converted tri-state node "barramentoLeituraDados[6]" into a selector File: /home/alessandrab/Dropbox/Leca/Insper/7oSem/DesComp/calculator/Projeto1/muxGenerico2x1.vhd Line: 11
    Warning (13048): Converted tri-state node "barramentoLeituraDados[5]" into a selector File: /home/alessandrab/Dropbox/Leca/Insper/7oSem/DesComp/calculator/Projeto1/muxGenerico2x1.vhd Line: 11
    Warning (13048): Converted tri-state node "barramentoLeituraDados[4]" into a selector File: /home/alessandrab/Dropbox/Leca/Insper/7oSem/DesComp/calculator/Projeto1/muxGenerico2x1.vhd Line: 11
    Warning (13048): Converted tri-state node "barramentoLeituraDados[3]" into a selector File: /home/alessandrab/Dropbox/Leca/Insper/7oSem/DesComp/calculator/Projeto1/muxGenerico2x1.vhd Line: 11
    Warning (13048): Converted tri-state node "barramentoLeituraDados[2]" into a selector File: /home/alessandrab/Dropbox/Leca/Insper/7oSem/DesComp/calculator/Projeto1/muxGenerico2x1.vhd Line: 11
    Warning (13048): Converted tri-state node "barramentoLeituraDados[1]" into a selector File: /home/alessandrab/Dropbox/Leca/Insper/7oSem/DesComp/calculator/Projeto1/muxGenerico2x1.vhd Line: 11
    Warning (13048): Converted tri-state node "barramentoLeituraDados[0]" into a selector File: /home/alessandrab/Dropbox/Leca/Insper/7oSem/DesComp/calculator/Projeto1/muxGenerico2x1.vhd Line: 11
Info (276014): Found 1 instances of uninferred RAM logic
    Info (276007): RAM logic "memoriaRAM:RAM|ram" is uninferred due to asynchronous read logic File: /home/alessandrab/Dropbox/Leca/Insper/7oSem/DesComp/calculator/Projeto1/memoriaRAM.vhd Line: 28
Warning (13024): Output pins are stuck at VCC or GND
    Warning (13410): Pin "LEDR[8]" is stuck at GND File: /home/alessandrab/Dropbox/Leca/Insper/7oSem/DesComp/calculator/Projeto1/calculadora.vhd Line: 24
    Warning (13410): Pin "LEDR[9]" is stuck at GND File: /home/alessandrab/Dropbox/Leca/Insper/7oSem/DesComp/calculator/Projeto1/calculadora.vhd Line: 24
    Warning (13410): Pin "LEDR[10]" is stuck at GND File: /home/alessandrab/Dropbox/Leca/Insper/7oSem/DesComp/calculator/Projeto1/calculadora.vhd Line: 24
    Warning (13410): Pin "LEDR[11]" is stuck at GND File: /home/alessandrab/Dropbox/Leca/Insper/7oSem/DesComp/calculator/Projeto1/calculadora.vhd Line: 24
    Warning (13410): Pin "LEDR[12]" is stuck at GND File: /home/alessandrab/Dropbox/Leca/Insper/7oSem/DesComp/calculator/Projeto1/calculadora.vhd Line: 24
    Warning (13410): Pin "LEDR[13]" is stuck at GND File: /home/alessandrab/Dropbox/Leca/Insper/7oSem/DesComp/calculator/Projeto1/calculadora.vhd Line: 24
    Warning (13410): Pin "LEDR[14]" is stuck at GND File: /home/alessandrab/Dropbox/Leca/Insper/7oSem/DesComp/calculator/Projeto1/calculadora.vhd Line: 24
    Warning (13410): Pin "LEDR[15]" is stuck at GND File: /home/alessandrab/Dropbox/Leca/Insper/7oSem/DesComp/calculator/Projeto1/calculadora.vhd Line: 24
    Warning (13410): Pin "LEDR[16]" is stuck at GND File: /home/alessandrab/Dropbox/Leca/Insper/7oSem/DesComp/calculator/Projeto1/calculadora.vhd Line: 24
    Warning (13410): Pin "LEDR[17]" is stuck at GND File: /home/alessandrab/Dropbox/Leca/Insper/7oSem/DesComp/calculator/Projeto1/calculadora.vhd Line: 24
    Warning (13410): Pin "pontosdecontrole[6]" is stuck at GND File: /home/alessandrab/Dropbox/Leca/Insper/7oSem/DesComp/calculator/Projeto1/calculadora.vhd Line: 29
Info (286030): Timing-Driven Synthesis is running
Info (16010): Generating hard_block partition "hard_block:auto_generated_inst"
    Info (16011): Adding 0 node(s), including 0 DDIO, 0 PLL, 0 transceiver and 0 LCELL
Warning (21074): Design contains 3 input pin(s) that do not drive logic
    Warning (15610): No output dependent on input pin "KEY[1]" File: /home/alessandrab/Dropbox/Leca/Insper/7oSem/DesComp/calculator/Projeto1/calculadora.vhd Line: 20
    Warning (15610): No output dependent on input pin "KEY[2]" File: /home/alessandrab/Dropbox/Leca/Insper/7oSem/DesComp/calculator/Projeto1/calculadora.vhd Line: 20
    Warning (15610): No output dependent on input pin "KEY[3]" File: /home/alessandrab/Dropbox/Leca/Insper/7oSem/DesComp/calculator/Projeto1/calculadora.vhd Line: 20
Info (21057): Implemented 2442 device resources after synthesis - the final resource count might be different
    Info (21058): Implemented 23 input pins
    Info (21059): Implemented 185 output pins
    Info (21061): Implemented 2234 logic cells
Info: Quartus Prime Analysis & Synthesis was successful. 0 errors, 27 warnings
    Info: Peak virtual memory: 1060 megabytes
    Info: Processing ended: Thu Apr 16 19:32:26 2020
    Info: Elapsed time: 00:00:16
    Info: Total CPU time (on all processors): 00:00:29


